11:51:15 **** Incremental Build of configuration Debug for project Thermistor_input ****
make -j16 all 
arm-none-eabi-size  Thermistor_input.elf 
   text	   data	    bss	    dec	    hex	filename
  19012	     92	   2196	  21300	   5334	Thermistor_input.elf
Finished building: default.size.stdout
 
11:51:18 **** Incremental Build of configuration Debug for project Thermistor_input ****
make -j16 all 
arm-none-eabi-size  Thermistor_input.elf 
   text	   data	    bss	    dec	    hex	filename
  19012	     92	   2196	  21300	   5334	Thermistor_input.elf
Finished building: default.size.stdout
 
11:53:00 **** Incremental Build of configuration Debug for project Thermistor_input ****
make -j16 all 
arm-none-eabi-size  Thermistor_input.elf 
   text	   data	    bss	    dec	    hex	filename
  19012	     92	   2196	  21300	   5334	Thermistor_input.elf
Finished building: default.size.stdout
 
