14:17:22 **** Incremental Build of configuration Debug for project DUAL_ADC ****
make -j16 all 
arm-none-eabi-gcc -o "DUAL_ADC.elf" @"objects.list"   -mcpu=cortex-m4 -T"C:\Users\samlo\Documents\Monash University\Y3S1\TRC3500\Project 3\breath-rate-estimation\P3_STM32\DUAL_ADC\STM32L432KCUX_FLASH.ld" --specs=nosys.specs -Wl,-Map="DUAL_ADC.map" -Wl,--gc-sections -static --specs=nano.specs -mfpu=fpv4-sp-d16 -mfloat-abi=hard -mthumb -Wl,--start-group -lc -lm -Wl,--end-group
Finished building target: DUAL_ADC.elf
 
arm-none-eabi-size  DUAL_ADC.elf 
arm-none-eabi-objdump -h -S DUAL_ADC.elf  > "DUAL_ADC.list"
   text	   data	    bss	    dec	    hex	filename
  21796	     92	   2396	  24284	   5edc	DUAL_ADC.elf
Finished building: default.size.stdout
 
Finished building: DUAL_ADC.list
 
14:17:50 **** Incremental Build of configuration Debug for project DUAL_ADC ****
make -j16 all 
arm-none-eabi-size  DUAL_ADC.elf 
   text	   data	    bss	    dec	    hex	filename
  21796	     92	   2396	  24284	   5edc	DUAL_ADC.elf
Finished building: default.size.stdout
 
